0.828444226
0.819003903
-0.00098741902
-1.41672993
0.192056244
0
0.108445654
0
0
0
0.583352267
0.203342854
0.265354852
-1.58164612
-0.000636531829
