0
0
0
0
-0.735033113
0
1
-1.26495103
0.0585882504
0
1.94141175
0
-1
-1.58574247e-05
0
