-0.198117055
-0.808963176
0
0
-0.541986525
-1
0
0
0.839814248
-0.450933243
1
0
1.16018575
0
0
