-0.880179759
-0.924626346
0.161442464
-0.153724121
0.0258725636
1.11042483
0.00252005801
0.148372329
-0.572528642
0.321786623
1.04829751
-0.287657511
