-1.99904573
0
-1.00095427
0
0
0
0
0
2
0
0
1
0
0
0
