1.5
0
-0.666666667
0
-1
-0.666666667
0
-0.666666667
1.5
