-0.145833333
-0.145833333
-0.145833333
-0.145833333
-0.145833333
-0.145833333
-0.145833333
-0.145833333
1.16666667
